============================= test session starts =============================
platform win32 -- Python 3.13.5, pytest-9.0.2, pluggy-1.6.0 -- D:\FYP\CIRCA\.venv\Scripts\python.exe
cachedir: .pytest_cache
rootdir: D:\FYP\CIRCA
collecting ... collected 463 items

tests/test_camera_worker.py::TestCameraWorkerInit::test_default_device_index_is_zero PASSED [  0%]
tests/test_camera_worker.py::TestCameraWorkerInit::test_custom_device_index_stored PASSED [  0%]
tests/test_camera_worker.py::TestCameraWorkerInit::test_running_starts_false PASSED [  0%]
tests/test_camera_worker.py::TestCameraWorkerInit::test_default_params_are_preprocess_params PASSED [  0%]
tests/test_camera_worker.py::TestCameraWorkerInit::test_is_qobject_not_qthread PASSED [  1%]
tests/test_camera_worker.py::TestCameraWorkerSignals::test_new_frame_signal_exists PASSED [  1%]
tests/test_camera_worker.py::TestCameraWorkerSignals::test_frame_ready_for_inference_signal_exists PASSED [  1%]
tests/test_camera_worker.py::TestCameraWorkerSignals::test_camera_error_signal_exists PASSED [  1%]
tests/test_camera_worker.py::TestCameraWorkerSignals::test_new_frame_can_be_connected PASSED [  1%]
tests/test_camera_worker.py::TestCameraWorkerSignals::test_frame_ready_for_inference_can_be_connected PASSED [  2%]
tests/test_camera_worker.py::TestCameraWorkerSignals::test_camera_error_can_be_connected PASSED [  2%]
tests/test_camera_worker.py::TestUpdateParams::test_update_params_changes_stored_params PASSED [  2%]
tests/test_camera_worker.py::TestUpdateParams::test_update_params_replaces_entirely PASSED [  2%]
tests/test_camera_worker.py::TestUpdateParams::test_snapshot_params_returns_copy_not_reference PASSED [  3%]
tests/test_camera_worker.py::TestStop::test_stop_sets_running_false PASSED [  3%]
tests/test_camera_worker.py::TestStop::test_stop_is_idempotent PASSED    [  3%]
tests/test_camera_worker.py::TestWaitForRetry::test_exits_immediately_when_running_is_false PASSED [  3%]
tests/test_camera_worker.py::TestWaitForRetry::test_calls_sleep_in_poll_intervals PASSED [  3%]
tests/test_camera_worker.py::TestWaitForRetry::test_respects_running_false_mid_retry PASSED [  4%]
tests/test_camera_worker.py::TestRunCameraOpenFailure::test_emits_camera_error_when_camera_fails_to_open PASSED [  4%]
tests/test_camera_worker.py::TestRunCameraOpenFailure::test_camera_error_message_mentions_device_index PASSED [  4%]
tests/test_camera_worker.py::TestRunCameraOpenFailure::test_cap_release_called_on_open_failure PASSED [  4%]
tests/test_camera_worker.py::TestRunCameraOpenFailure::test_uses_cap_dshow_backend PASSED [  4%]
tests/test_camera_worker.py::TestRunReadFailure::test_emits_camera_error_on_read_failure PASSED [  5%]
tests/test_camera_worker.py::TestRunReadFailure::test_cap_released_on_read_failure PASSED [  5%]
tests/test_camera_worker.py::TestRunReadFailure::test_no_new_frame_emitted_on_read_failure PASSED [  5%]
tests/test_camera_worker.py::TestRunBlurryFrame::test_blurry_frame_emits_new_frame PASSED [  5%]
tests/test_camera_worker.py::TestRunBlurryFrame::test_blurry_frame_does_not_emit_frame_ready_for_inference PASSED [  6%]
tests/test_camera_worker.py::TestRunBlurryFrame::test_blurry_frame_emits_raw_not_processed PASSED [  6%]
tests/test_camera_worker.py::TestRunSharpFrame::test_sharp_frame_emits_new_frame PASSED [  6%]
tests/test_camera_worker.py::TestRunSharpFrame::test_sharp_frame_emits_frame_ready_for_inference PASSED [  6%]
tests/test_camera_worker.py::TestRunSharpFrame::test_sharp_frame_emitted_array_is_a_copy PASSED [  6%]
tests/test_camera_worker.py::TestRunSharpFrame::test_sharp_frame_new_frame_emitted_before_inference PASSED [  7%]
tests/test_camera_worker.py::TestRunSharpFrame::test_sharp_frame_uses_preprocessing PASSED [  7%]
tests/test_camera_worker.py::TestRunSharpFrame::test_blurry_frame_skips_preprocessing PASSED [  7%]
tests/test_camera_worker.py::TestRunCleanup::test_cap_released_on_clean_exit PASSED [  7%]
tests/test_camera_worker.py::TestRunCleanup::test_running_is_true_during_run_and_false_after PASSED [  7%]
tests/test_camera_worker.py::TestParamsIntegration::test_blur_threshold_from_params_governs_gate PASSED [  8%]
tests/test_inference_engine.py::TestClassLabels::test_has_six_classes PASSED [  8%]
tests/test_inference_engine.py::TestClassLabels::test_missing_hole_at_index_0 PASSED [  8%]
tests/test_inference_engine.py::TestClassLabels::test_mouse_bite_at_index_1 PASSED [  8%]
tests/test_inference_engine.py::TestClassLabels::test_open_circuit_at_index_2 PASSED [  9%]
tests/test_inference_engine.py::TestClassLabels::test_short_at_index_3 PASSED [  9%]
tests/test_inference_engine.py::TestClassLabels::test_spur_at_index_4 PASSED [  9%]
tests/test_inference_engine.py::TestClassLabels::test_spurious_copper_at_index_5 PASSED [  9%]
tests/test_inference_engine.py::TestClassLabels::test_indices_are_zero_based_integers PASSED [  9%]
tests/test_inference_engine.py::TestInferenceEngineInit::test_raises_file_not_found_when_xml_missing PASSED [ 10%]
tests/test_inference_engine.py::TestInferenceEngineInit::test_raises_file_not_found_when_bin_missing PASSED [ 10%]
tests/test_inference_engine.py::TestInferenceEngineInit::test_raises_runtime_error_when_openvino_compile_fails PASSED [ 10%]
tests/test_inference_engine.py::TestInferenceEngineInit::test_num_classes_derived_from_output_shape PASSED [ 10%]
tests/test_inference_engine.py::TestPreprocessFrame::test_output_shape_is_nchw PASSED [ 11%]
tests/test_inference_engine.py::TestPreprocessFrame::test_output_dtype_is_float32 PASSED [ 11%]
tests/test_inference_engine.py::TestPreprocessFrame::test_output_values_in_zero_one_range PASSED [ 11%]
tests/test_inference_engine.py::TestPreprocessFrame::test_pure_white_frame_normalises_to_one PASSED [ 11%]
tests/test_inference_engine.py::TestPreprocessFrame::test_pure_black_frame_normalises_to_zero PASSED [ 11%]
tests/test_inference_engine.py::TestPreprocessFrame::test_handles_non_square_input_frame PASSED [ 12%]
tests/test_inference_engine.py::TestPreprocessFrame::test_bgr_to_rgb_channel_swap PASSED [ 12%]
tests/test_inference_engine.py::TestPostprocess::test_single_high_confidence_detection_returned PASSED [ 12%]
tests/test_inference_engine.py::TestPostprocess::test_box_with_confidence_below_threshold_filtered_out PASSED [ 12%]
tests/test_inference_engine.py::TestPostprocess::test_box_exactly_at_threshold_is_included PASSED [ 12%]
tests/test_inference_engine.py::TestPostprocess::test_empty_output_tensor_returns_empty_list PASSED [ 13%]
tests/test_inference_engine.py::TestPostprocess::test_class_0_maps_to_missing_hole PASSED [ 13%]
tests/test_inference_engine.py::TestPostprocess::test_class_1_maps_to_mouse_bite PASSED [ 13%]
tests/test_inference_engine.py::TestPostprocess::test_class_2_maps_to_open_circuit PASSED [ 13%]
tests/test_inference_engine.py::TestPostprocess::test_class_3_maps_to_short PASSED [ 14%]
tests/test_inference_engine.py::TestPostprocess::test_unknown_class_id_falls_back_to_class_n_label PASSED [ 14%]
tests/test_inference_engine.py::TestPostprocess::test_box_coordinates_scaled_from_640_to_original_size PASSED [ 14%]
tests/test_inference_engine.py::TestPostprocess::test_box_clamped_to_frame_boundaries PASSED [ 14%]
tests/test_inference_engine.py::TestPostprocess::test_two_identical_overlapping_boxes_collapsed_to_one PASSED [ 14%]
tests/test_inference_engine.py::TestPostprocess::test_two_non_overlapping_boxes_both_returned PASSED [ 15%]
tests/test_inference_engine.py::TestPostprocess::test_result_boxes_are_bounding_box_instances PASSED [ 15%]
tests/test_inference_engine.py::TestPostprocess::test_confidence_preserved_to_float PASSED [ 15%]
tests/test_inference_engine.py::TestPostprocess::test_custom_confidence_threshold_applied PASSED [ 15%]
tests/test_inference_engine.py::TestInferenceEngineRun::test_run_returns_detection_result_instance PASSED [ 15%]
tests/test_inference_engine.py::TestInferenceEngineRun::test_run_returns_detections_for_high_confidence_tensor PASSED [ 16%]
tests/test_inference_engine.py::TestInferenceEngineRun::test_run_returns_empty_for_all_low_confidence_tensor PASSED [ 16%]
tests/test_inference_engine.py::TestInferenceEngineRun::test_run_raises_value_error_on_none_frame PASSED [ 16%]
tests/test_inference_engine.py::TestInferenceEngineRun::test_run_raises_value_error_on_wrong_channels PASSED [ 16%]
tests/test_inference_engine.py::TestInferenceEngineRun::test_run_raises_runtime_error_on_openvino_failure PASSED [ 17%]
tests/test_inference_engine.py::TestInferenceEngineRun::test_detection_result_average_confidence_correct PASSED [ 17%]
tests/test_inference_engine.py::TestInferenceEngineRun::test_clean_board_returns_average_confidence_of_one PASSED [ 17%]
tests/test_inference_worker.py::TestInferenceWorkerInit::test_engine_is_none_before_load_model PASSED [ 17%]
tests/test_inference_worker.py::TestInferenceWorkerInit::test_default_params_are_inference_params PASSED [ 17%]
tests/test_inference_worker.py::TestInferenceWorkerInit::test_inference_lock_starts_unlocked PASSED [ 18%]
tests/test_inference_worker.py::TestInferenceWorkerInit::test_is_qobject_not_qthread PASSED [ 18%]
tests/test_inference_worker.py::TestInferenceWorkerInit::test_has_no_run_method PASSED [ 18%]
tests/test_inference_worker.py::TestSignalDeclarations::test_new_detections_signal_exists PASSED [ 18%]
tests/test_inference_worker.py::TestSignalDeclarations::test_inference_error_signal_exists PASSED [ 19%]
tests/test_inference_worker.py::TestSignalDeclarations::test_model_loaded_signal_exists PASSED [ 19%]
tests/test_inference_worker.py::TestSignalDeclarations::test_all_signals_connectable PASSED [ 19%]
tests/test_inference_worker.py::TestLoadModel::test_emits_model_loaded_on_success PASSED [ 19%]
tests/test_inference_worker.py::TestLoadModel::test_engine_is_set_after_successful_load PASSED [ 19%]
tests/test_inference_worker.py::TestLoadModel::test_emits_inference_error_on_load_failure PASSED [ 20%]
tests/test_inference_worker.py::TestLoadModel::test_no_model_loaded_emitted_on_failure PASSED [ 20%]
tests/test_inference_worker.py::TestLoadModel::test_engine_stays_none_on_load_failure PASSED [ 20%]
tests/test_inference_worker.py::TestLoadModel::test_model_can_be_reloaded PASSED [ 20%]
tests/test_inference_worker.py::TestLoadModel::test_load_model_passes_path_to_engine PASSED [ 20%]
tests/test_inference_worker.py::TestUpdateParams::test_update_params_stores_new_params PASSED [ 21%]
tests/test_inference_worker.py::TestUpdateParams::test_snapshot_params_returns_copy PASSED [ 21%]
tests/test_inference_worker.py::TestUpdateParams::test_snapshot_threshold_matches_updated_value PASSED [ 21%]
tests/test_inference_worker.py::TestProcessFrameBackpressure::test_frame_dropped_when_model_not_loaded PASSED [ 21%]
tests/test_inference_worker.py::TestProcessFrameBackpressure::test_frame_dropped_when_inference_lock_held PASSED [ 22%]
tests/test_inference_worker.py::TestProcessFrameBackpressure::test_lock_released_after_successful_inference PASSED [ 22%]
tests/test_inference_worker.py::TestProcessFrameBackpressure::test_lock_released_after_inference_exception PASSED [ 22%]
tests/test_inference_worker.py::TestProcessFrameBackpressure::test_second_call_drops_while_first_holds_lock PASSED [ 22%]
tests/test_inference_worker.py::TestProcessFrameSuccess::test_emits_new_detections_on_successful_inference PASSED [ 22%]
tests/test_inference_worker.py::TestProcessFrameSuccess::test_emitted_result_is_detection_result PASSED [ 23%]
tests/test_inference_worker.py::TestProcessFrameSuccess::test_engine_run_called_with_frame_and_params PASSED [ 23%]
tests/test_inference_worker.py::TestProcessFrameSuccess::test_no_inference_error_emitted_on_success PASSED [ 23%]
tests/test_inference_worker.py::TestProcessFrameSuccess::test_empty_detection_result_also_emitted PASSED [ 23%]
tests/test_inference_worker.py::TestProcessFrameSuccess::test_confidence_threshold_from_params_passed_to_engine PASSED [ 23%]
tests/test_inference_worker.py::TestProcessFrameErrorHandling::test_emits_inference_error_on_engine_exception PASSED [ 24%]
tests/test_inference_worker.py::TestProcessFrameErrorHandling::test_no_new_detections_emitted_on_engine_exception PASSED [ 24%]
tests/test_inference_worker.py::TestProcessFrameErrorHandling::test_error_message_contains_exception_type PASSED [ 24%]
tests/test_inference_worker.py::TestProcessFrameErrorHandling::test_worker_recovers_after_inference_exception PASSED [ 24%]
tests/test_integration_smoke.py::TestIntegrationSmoke::test_inference_worker_thread_decoupling PASSED [ 25%]
tests/test_integration_smoke.py::TestIntegrationSmoke::test_inference_engine_openvino_loading SKIPPED [ 25%]
tests/test_integration_smoke.py::TestIntegrationSmoke::test_camera_hardware_ingest_smoke PASSED [ 25%]
tests/test_integration_smoke.py::TestIntegrationSmoke::test_inference_worker_backpressure_smoke PASSED [ 25%]
tests/test_integration_smoke.py::TestIntegrationSmoke::test_inference_worker_parameter_update_smoke PASSED [ 25%]
tests/test_performance.py::TestPerformance::test_nfr1_preprocessing_latency PASSED [ 26%]
tests/test_performance.py::TestPerformance::test_nfr1_preprocessing_latency_stress PASSED [ 26%]
tests/test_performance.py::TestPerformance::test_nfr2_inference_latency SKIPPED [ 26%]
tests/test_preprocessor.py::TestApplyClahe::test_returns_same_shape_and_dtype PASSED [ 26%]
tests/test_preprocessor.py::TestApplyClahe::test_raises_on_none_frame PASSED [ 26%]
tests/test_preprocessor.py::TestApplyClahe::test_raises_on_empty_frame PASSED [ 27%]
tests/test_preprocessor.py::TestApplyClahe::test_raises_on_single_channel_frame PASSED [ 27%]
tests/test_preprocessor.py::TestApplyClahe::test_output_is_new_array_not_in_place PASSED [ 27%]
tests/test_preprocessor.py::TestApplyClahe::test_flat_frame_remains_flat_after_clahe PASSED [ 27%]
tests/test_preprocessor.py::TestApplyClahe::test_high_clip_limit_does_not_crash PASSED [ 28%]
tests/test_preprocessor.py::TestApplyClahe::test_minimum_clip_limit_does_not_crash PASSED [ 28%]
tests/test_preprocessor.py::TestApplyGamma::test_returns_same_shape_and_dtype PASSED [ 28%]
tests/test_preprocessor.py::TestApplyGamma::test_raises_on_none_frame PASSED [ 28%]
tests/test_preprocessor.py::TestApplyGamma::test_raises_on_zero_gamma PASSED [ 28%]
tests/test_preprocessor.py::TestApplyGamma::test_raises_on_negative_gamma PASSED [ 29%]
tests/test_preprocessor.py::TestApplyGamma::test_gamma_one_is_identity PASSED [ 29%]
tests/test_preprocessor.py::TestApplyGamma::test_gamma_greater_than_one_brightens PASSED [ 29%]
tests/test_preprocessor.py::TestApplyGamma::test_gamma_less_than_one_darkens PASSED [ 29%]
tests/test_preprocessor.py::TestApplyGamma::test_lut_is_cached_across_calls PASSED [ 30%]
tests/test_preprocessor.py::TestApplyGamma::test_output_is_new_array_not_in_place PASSED [ 30%]
tests/test_preprocessor.py::TestComputeVariance::test_returns_float PASSED [ 30%]
tests/test_preprocessor.py::TestComputeVariance::test_raises_on_none_frame PASSED [ 30%]
tests/test_preprocessor.py::TestComputeVariance::test_raises_on_empty_frame PASSED [ 30%]
tests/test_preprocessor.py::TestComputeVariance::test_flat_frame_has_near_zero_variance PASSED [ 31%]
tests/test_preprocessor.py::TestComputeVariance::test_checkerboard_has_high_variance PASSED [ 31%]
tests/test_preprocessor.py::TestComputeVariance::test_sharp_frame_has_higher_variance_than_blurred PASSED [ 31%]
tests/test_preprocessor.py::TestComputeVariance::test_accepts_greyscale_frame PASSED [ 31%]
tests/test_preprocessor.py::TestComputeVariance::test_variance_is_non_negative PASSED [ 31%]
tests/test_preprocessor.py::TestPipelineIntegration::test_clahe_then_gamma_preserves_shape_and_dtype PASSED [ 32%]
tests/test_preprocessor.py::TestPipelineIntegration::test_sharp_frame_passes_blur_gate_after_preprocessing PASSED [ 32%]
tests/test_ui_control_panel_and_footer.py::TestPreprocessingSliderInit::test_default_value_returned_correctly PASSED [ 32%]
tests/test_ui_control_panel_and_footer.py::TestPreprocessingSliderInit::test_value_label_text_matches_default PASSED [ 32%]
tests/test_ui_control_panel_and_footer.py::TestPreprocessingSliderInit::test_value_label_text_with_suffix PASSED [ 33%]
tests/test_ui_control_panel_and_footer.py::TestPreprocessingSliderInit::test_value_label_text_zero_precision PASSED [ 33%]
tests/test_ui_control_panel_and_footer.py::TestPreprocessingSliderInit::test_name_label_content PASSED [ 33%]
tests/test_ui_control_panel_and_footer.py::TestPreprocessingSliderFont::test_value_label_uses_mono_font_family PASSED [ 33%]
tests/test_ui_control_panel_and_footer.py::TestPreprocessingSliderFont::test_value_label_has_a_positive_minimum_width PASSED [ 33%]
tests/test_ui_control_panel_and_footer.py::TestPreprocessingSliderUpdates::test_moving_slider_emits_value_changed PASSED [ 34%]
tests/test_ui_control_panel_and_footer.py::TestPreprocessingSliderUpdates::test_value_changed_emits_float_not_int PASSED [ 34%]
tests/test_ui_control_panel_and_footer.py::TestPreprocessingSliderUpdates::test_value_label_updates_on_slider_change PASSED [ 34%]
tests/test_ui_control_panel_and_footer.py::TestPreprocessingSliderUpdates::test_value_label_updates_with_suffix PASSED [ 34%]
tests/test_ui_control_panel_and_footer.py::TestSidePanelInit::test_starts_collapsed PASSED [ 34%]
tests/test_ui_control_panel_and_footer.py::TestSidePanelInit::test_has_clahe_slider PASSED [ 35%]
tests/test_ui_control_panel_and_footer.py::TestSidePanelInit::test_has_gamma_slider PASSED [ 35%]
tests/test_ui_control_panel_and_footer.py::TestSidePanelInit::test_has_sharpness_slider PASSED [ 35%]
tests/test_ui_control_panel_and_footer.py::TestSidePanelInit::test_has_confidence_slider PASSED [ 35%]
tests/test_ui_control_panel_and_footer.py::TestSidePanelInit::test_has_camera_combo PASSED [ 36%]
tests/test_ui_control_panel_and_footer.py::TestSidePanelInit::test_default_clahe_value PASSED [ 36%]
tests/test_ui_control_panel_and_footer.py::TestSidePanelInit::test_default_gamma_value PASSED [ 36%]
tests/test_ui_control_panel_and_footer.py::TestSidePanelInit::test_default_sharpness_value PASSED [ 36%]
tests/test_ui_control_panel_and_footer.py::TestSidePanelInit::test_default_confidence_value PASSED [ 36%]
tests/test_ui_control_panel_and_footer.py::TestSidePanelSignals::test_clahe_slider_emits_preprocessing_params PASSED [ 37%]
tests/test_ui_control_panel_and_footer.py::TestSidePanelSignals::test_gamma_slider_emits_preprocessing_params PASSED [ 37%]
tests/test_ui_control_panel_and_footer.py::TestSidePanelSignals::test_sharpness_slider_emits_preprocessing_params PASSED [ 37%]
tests/test_ui_control_panel_and_footer.py::TestSidePanelSignals::test_confidence_slider_emits_inference_params PASSED [ 37%]
tests/test_ui_control_panel_and_footer.py::TestSidePanelSignals::test_preprocessing_params_carries_clahe_value PASSED [ 38%]
tests/test_ui_control_panel_and_footer.py::TestSidePanelSignals::test_preprocessing_params_carries_gamma_value PASSED [ 38%]
tests/test_ui_control_panel_and_footer.py::TestSidePanelSignals::test_preprocessing_params_carries_blur_value PASSED [ 38%]
tests/test_ui_control_panel_and_footer.py::TestSidePanelCameras::test_populate_cameras_fills_combo PASSED [ 38%]
tests/test_ui_control_panel_and_footer.py::TestSidePanelCameras::test_populate_cameras_stores_index_as_data PASSED [ 38%]
tests/test_ui_control_panel_and_footer.py::TestSidePanelCameras::test_populate_cameras_empty_clears_combo PASSED [ 39%]
tests/test_ui_control_panel_and_footer.py::TestSidePanelCameras::test_camera_selected_emits_on_programmatic_change PASSED [ 39%]
tests/test_ui_control_panel_and_footer.py::TestStatusFooterInit::test_is_correct_height PASSED [ 39%]
tests/test_ui_control_panel_and_footer.py::TestStatusFooterInit::test_camera_dot_starts_idle PASSED [ 39%]
tests/test_ui_control_panel_and_footer.py::TestStatusFooterInit::test_model_dot_starts_idle PASSED [ 39%]
tests/test_ui_control_panel_and_footer.py::TestStatusFooterInit::test_detection_dot_starts_idle PASSED [ 40%]
tests/test_ui_control_panel_and_footer.py::TestStatusFooterInit::test_camera_label_starts_with_no_device PASSED [ 40%]
tests/test_ui_control_panel_and_footer.py::TestStatusFooterInit::test_model_label_starts_with_no_model PASSED [ 40%]
tests/test_ui_control_panel_and_footer.py::TestStatusFooterInit::test_detection_label_starts_with_no_data PASSED [ 40%]
tests/test_ui_control_panel_and_footer.py::TestStatusFooterInit::test_fps_label_starts_with_placeholder PASSED [ 41%]
tests/test_ui_control_panel_and_footer.py::TestStatusFooterCamera::test_set_camera_active PASSED [ 41%]
tests/test_ui_control_panel_and_footer.py::TestStatusFooterCamera::test_set_camera_error PASSED [ 41%]
tests/test_ui_control_panel_and_footer.py::TestStatusFooterCamera::test_set_camera_error_message_propagated PASSED [ 41%]
tests/test_ui_control_panel_and_footer.py::TestStatusFooterCamera::test_set_camera_idle PASSED [ 41%]
tests/test_ui_control_panel_and_footer.py::TestStatusFooterCamera::test_dot_color_idle_constant_is_public PASSED [ 42%]
tests/test_ui_control_panel_and_footer.py::TestStatusFooterModel::test_set_model_ready PASSED [ 42%]
tests/test_ui_control_panel_and_footer.py::TestStatusFooterModel::test_set_model_loading PASSED [ 42%]
tests/test_ui_control_panel_and_footer.py::TestStatusFooterModel::test_set_model_error PASSED [ 42%]
tests/test_ui_control_panel_and_footer.py::TestStatusFooterModel::test_set_model_error_propagates_message PASSED [ 42%]
tests/test_ui_control_panel_and_footer.py::TestStatusFooterDetections::test_no_detections_green_dot PASSED [ 43%]
tests/test_ui_control_panel_and_footer.py::TestStatusFooterDetections::test_one_detection_singular PASSED [ 43%]
tests/test_ui_control_panel_and_footer.py::TestStatusFooterDetections::test_multiple_detections_plural PASSED [ 43%]
tests/test_ui_control_panel_and_footer.py::TestStatusFooterDetections::test_detection_count_negative_resets_to_idle PASSED [ 43%]
tests/test_ui_control_panel_and_footer.py::TestStatusFooterDetections::test_nonzero_detections_use_accent_color PASSED [ 44%]
tests/test_ui_control_panel_and_footer.py::TestStatusFooterFPS::test_set_fps_displays_integer PASSED [ 44%]
tests/test_ui_control_panel_and_footer.py::TestStatusFooterFPS::test_set_fps_rounds_down PASSED [ 44%]
tests/test_ui_control_panel_and_footer.py::TestStatusFooterFPS::test_set_fps_negative_shows_placeholder PASSED [ 44%]
tests/test_ui_control_panel_and_footer.py::TestStatusFooterFPS::test_fps_label_uses_mono_font PASSED [ 44%]
tests/test_ui_lifecycle.py::TestMainWindowLayout::test_is_qmainwindow PASSED [ 45%]
tests/test_ui_lifecycle.py::TestMainWindowLayout::test_has_video_widget PASSED [ 45%]
tests/test_ui_lifecycle.py::TestMainWindowLayout::test_has_warning_banner PASSED [ 45%]
tests/test_ui_lifecycle.py::TestMainWindowLayout::test_warning_banner_starts_hidden PASSED [ 45%]
tests/test_ui_lifecycle.py::TestMainWindowLayout::test_has_status_footer PASSED [ 46%]
tests/test_ui_lifecycle.py::TestMainWindowLayout::test_has_activity_bar PASSED [ 46%]
tests/test_ui_lifecycle.py::TestMainWindowLayout::test_has_side_panel PASSED [ 46%]
tests/test_ui_lifecycle.py::TestMainWindowLayout::test_minimum_width PASSED [ 46%]
tests/test_ui_lifecycle.py::TestMainWindowLayout::test_minimum_height PASSED [ 46%]
tests/test_ui_lifecycle.py::TestMainWindowLayout::test_window_title_contains_circa PASSED [ 47%]
tests/test_ui_lifecycle.py::TestCloseEvent::test_close_event_calls_camera_worker_stop PASSED [ 47%]
tests/test_ui_lifecycle.py::TestCloseEvent::test_close_event_calls_camera_thread_quit PASSED [ 47%]
tests/test_ui_lifecycle.py::TestCloseEvent::test_close_event_accepts_event PASSED [ 47%]
tests/test_ui_lifecycle.py::TestCloseEvent::test_stop_called_before_quit PASSED [ 47%]
tests/test_ui_lifecycle.py::TestMainWindowDefaults::test_video_widget_initial_status_has_text PASSED [ 48%]
tests/test_ui_lifecycle.py::TestMainWindowDefaults::test_side_panel_clahe_default PASSED [ 48%]
tests/test_ui_lifecycle.py::TestMainWindowDefaults::test_side_panel_confidence_default PASSED [ 48%]
tests/test_ui_lifecycle.py::TestMainWindowDefaults::test_side_panel_starts_collapsed PASSED [ 48%]
tests/test_ui_lifecycle.py::TestSidePanelIntegration::test_activity_bar_click_opens_side_panel PASSED [ 49%]
tests/test_ui_lifecycle.py::TestSidePanelIntegration::test_side_panel_has_camera_combo PASSED [ 49%]
tests/test_ui_lifecycle.py::TestSidePanelIntegration::test_side_panel_has_clahe_slider PASSED [ 49%]
tests/test_ui_lifecycle.py::TestSidePanelIntegration::test_side_panel_has_confidence_slider PASSED [ 49%]
tests/test_ui_lifecycle.py::TestUsbHotplug::test_usb_debounce_timer_exists_and_is_single_shot PASSED [ 49%]
tests/test_ui_lifecycle.py::TestUsbHotplug::test_on_usb_timer_timeout_launches_scan PASSED [ 50%]
tests/test_ui_lifecycle.py::TestUsbHotplug::test_on_cameras_found_hotplug_updates_dropdown PASSED [ 50%]
tests/test_ui_lifecycle.py::TestUsbHotplug::test_on_cameras_found_hotplug_empty_clears_status PASSED [ 50%]
tests/test_ui_main_window.py::TestMainWindowLayout::test_is_qmainwindow PASSED [ 50%]
tests/test_ui_main_window.py::TestMainWindowLayout::test_has_video_widget PASSED [ 50%]
tests/test_ui_main_window.py::TestMainWindowLayout::test_has_warning_banner PASSED [ 51%]
tests/test_ui_main_window.py::TestMainWindowLayout::test_warning_banner_starts_hidden PASSED [ 51%]
tests/test_ui_main_window.py::TestMainWindowLayout::test_has_status_footer PASSED [ 51%]
tests/test_ui_main_window.py::TestMainWindowLayout::test_has_side_panel PASSED [ 51%]
tests/test_ui_main_window.py::TestMainWindowLayout::test_minimum_width PASSED [ 52%]
tests/test_ui_main_window.py::TestMainWindowLayout::test_minimum_height PASSED [ 52%]
tests/test_ui_main_window.py::TestMainWindowLayout::test_default_confidence_threshold PASSED [ 52%]
tests/test_ui_main_window.py::TestMainWindowLayout::test_window_title_contains_circa PASSED [ 52%]
tests/test_ui_main_window.py::TestCameraWorkerRouting::test_camera_error_calls_status_footer PASSED [ 52%]
tests/test_ui_main_window.py::TestCameraWorkerRouting::test_camera_error_updates_video_widget_status_text PASSED [ 53%]
tests/test_ui_main_window.py::TestCameraWorkerRouting::test_new_frame_reaches_video_widget PASSED [ 53%]
tests/test_ui_main_window.py::TestInferenceWorkerRouting::test_model_loaded_sets_model_ready_dot PASSED [ 53%]
tests/test_ui_main_window.py::TestInferenceWorkerRouting::test_inference_error_sets_model_error_dot PASSED [ 53%]
tests/test_ui_main_window.py::TestInferenceWorkerRouting::test_new_detections_reaches_video_widget PASSED [ 53%]
tests/test_ui_main_window.py::TestInferenceWorkerRouting::test_new_detections_updates_detection_count PASSED [ 54%]
tests/test_ui_main_window.py::TestInferenceWorkerRouting::test_new_detections_with_boxes_updates_count PASSED [ 54%]
tests/test_ui_main_window.py::TestFR15Routing::test_low_confidence_shows_warning_banner PASSED [ 54%]
tests/test_ui_main_window.py::TestFR15Routing::test_high_confidence_does_not_show_banner_immediately PASSED [ 54%]
tests/test_ui_main_window.py::TestFR15Routing::test_banner_auto_resets_after_cool_down PASSED [ 55%]
tests/test_ui_main_window.py::TestFR15Routing::test_zero_detections_clean_board_does_not_trigger_banner PASSED [ 55%]
tests/test_ui_main_window.py::TestFR15Routing::test_manual_dismiss_suppresses_banner PASSED [ 55%]
tests/test_ui_main_window.py::TestConfidenceThresholdTracking::test_initial_threshold_is_default PASSED [ 55%]
tests/test_ui_main_window.py::TestConfidenceThresholdTracking::test_inference_params_changed_updates_threshold PASSED [ 55%]
tests/test_ui_main_window.py::TestConfidenceThresholdTracking::test_threshold_change_affects_next_fr15_evaluation PASSED [ 56%]
tests/test_ui_main_window.py::TestConfidenceThresholdTracking::test_threshold_raised_below_current_confidence PASSED [ 56%]
tests/test_ui_main_window.py::TestCloseEvent::test_close_event_calls_camera_worker_stop PASSED [ 56%]
tests/test_ui_main_window.py::TestCloseEvent::test_close_event_calls_camera_thread_quit PASSED [ 56%]
tests/test_ui_main_window.py::TestCloseEvent::test_close_event_calls_inference_thread_quit PASSED [ 57%]
tests/test_ui_main_window.py::TestCloseEvent::test_close_event_accepts_event PASSED [ 57%]
tests/test_ui_main_window.py::TestCloseEvent::test_stop_called_before_quit PASSED [ 57%]
tests/test_ui_main_window.py::TestMainWindowDefaults::test_camera_worker_created PASSED [ 57%]
tests/test_ui_main_window.py::TestMainWindowDefaults::test_inference_worker_created PASSED [ 57%]
tests/test_ui_main_window.py::TestMainWindowDefaults::test_video_widget_initial_status_has_text PASSED [ 58%]
tests/test_ui_main_window.py::TestMainWindowDefaults::test_side_panel_clahe_default PASSED [ 58%]
tests/test_ui_main_window.py::TestMainWindowDefaults::test_side_panel_confidence_default PASSED [ 58%]
tests/test_ui_main_window.py::TestSidebarToggle::test_activity_bar_exists PASSED [ 58%]
tests/test_ui_main_window.py::TestSidebarToggle::test_side_panel_exists PASSED [ 58%]
tests/test_ui_main_window.py::TestSidebarToggle::test_side_panel_starts_collapsed PASSED [ 59%]
tests/test_ui_main_window.py::TestUsbHotplug::test_usb_debounce_timer_exists_and_is_single_shot PASSED [ 59%]
tests/test_ui_main_window.py::TestUsbHotplug::test_on_usb_timer_timeout_launches_scan PASSED [ 59%]
tests/test_ui_main_window.py::TestUsbHotplug::test_on_cameras_found_hotplug_updates_dropdown PASSED [ 59%]
tests/test_ui_main_window.py::TestUsbHotplug::test_on_cameras_found_hotplug_with_no_cameras_sets_placeholder PASSED [ 60%]
tests/test_ui_main_window.py::TestUsbHotplug::test_on_cameras_found_hotplug_with_cameras_idle 
